


ARM Macro Assembler    Page 1 


    1 00000000         ;******************** (C) COPYRIGHT 2017 STMicroelectron
                       ics ********************
    2 00000000         ;* File Name          : startup_stm32f101xb.s
    3 00000000         ;* Author             : MCD Application Team
    4 00000000         ;* Description        : STM32F101xB Devices vector table
                        for MDK-ARM toolchain. 
    5 00000000         ;*                      This module performs:
    6 00000000         ;*                      - Set the initial SP
    7 00000000         ;*                      - Set the initial PC == Reset_Ha
                       ndler
    8 00000000         ;*                      - Set the vector table entries w
                       ith the exceptions ISR address
    9 00000000         ;*                      - Configure the clock system
   10 00000000         ;*                      - Branches to __main in the C li
                       brary (which eventually
   11 00000000         ;*                        calls main()).
   12 00000000         ;*                      After Reset the Cortex-M3 proces
                       sor is in Thread mode,
   13 00000000         ;*                      priority is Privileged, and the 
                       Stack is set to Main.
   14 00000000         ;*******************************************************
                       ***********************
   15 00000000         ;* @attention
   16 00000000         ;*
   17 00000000         ;* Copyright (c) 2017-2021 STMicroelectronics.
   18 00000000         ;* All rights reserved.
   19 00000000         ;*
   20 00000000         ;* This software is licensed under terms that can be fou
                       nd in the LICENSE file
   21 00000000         ;* in the root directory of this software component.
   22 00000000         ;* If no LICENSE file comes with this software, it is pr
                       ovided AS-IS.
   23 00000000         ;*
   24 00000000         ;*******************************************************
                       ***********************
   25 00000000         
   26 00000000         ; Amount of memory (in bytes) allocated for Stack
   27 00000000         ; Tailor this value to your application needs
   28 00000000         ; <h> Stack Configuration
   29 00000000         ;   <o> Stack Size (in Bytes) <0x0-0xFFFFFFFF:8>
   30 00000000         ; </h>
   31 00000000         
   32 00000000 00000400 
                       Stack_Size
                               EQU              0x00000400
   33 00000000         
   34 00000000                 AREA             STACK, NOINIT, READWRITE, ALIGN
=3
   35 00000000         Stack_Mem
                               SPACE            Stack_Size
   36 00000400         __initial_sp
   37 00000400         
   38 00000400         
   39 00000400         ; <h> Heap Configuration
   40 00000400         ;   <o>  Heap Size (in Bytes) <0x0-0xFFFFFFFF:8>
   41 00000400         ; </h>
   42 00000400         
   43 00000400 00000200 
                       Heap_Size



ARM Macro Assembler    Page 2 


                               EQU              0x00000200
   44 00000400         
   45 00000400                 AREA             HEAP, NOINIT, READWRITE, ALIGN=
3
   46 00000000         __heap_base
   47 00000000         Heap_Mem
                               SPACE            Heap_Size
   48 00000200         __heap_limit
   49 00000200         
   50 00000200                 PRESERVE8
   51 00000200                 THUMB
   52 00000200         
   53 00000200         
   54 00000200         ; Vector Table Mapped to Address 0 at Reset
   55 00000200                 AREA             RESET, DATA, READONLY
   56 00000000                 EXPORT           __Vectors
   57 00000000                 EXPORT           __Vectors_End
   58 00000000                 EXPORT           __Vectors_Size
   59 00000000         
   60 00000000 00000000 
                       __Vectors
                               DCD              __initial_sp ; Top of Stack
   61 00000004 00000000        DCD              Reset_Handler ; Reset Handler
   62 00000008 00000000        DCD              NMI_Handler ; NMI Handler
   63 0000000C 00000000        DCD              HardFault_Handler ; Hard Fault 
                                                            Handler
   64 00000010 00000000        DCD              MemManage_Handler 
                                                            ; MPU Fault Handler
                                                            
   65 00000014 00000000        DCD              BusFault_Handler 
                                                            ; Bus Fault Handler
                                                            
   66 00000018 00000000        DCD              UsageFault_Handler ; Usage Faul
                                                            t Handler
   67 0000001C 00000000        DCD              0           ; Reserved
   68 00000020 00000000        DCD              0           ; Reserved
   69 00000024 00000000        DCD              0           ; Reserved
   70 00000028 00000000        DCD              0           ; Reserved
   71 0000002C 00000000        DCD              SVC_Handler ; SVCall Handler
   72 00000030 00000000        DCD              DebugMon_Handler ; Debug Monito
                                                            r Handler
   73 00000034 00000000        DCD              0           ; Reserved
   74 00000038 00000000        DCD              PendSV_Handler ; PendSV Handler
                                                            
   75 0000003C 00000000        DCD              SysTick_Handler 
                                                            ; SysTick Handler
   76 00000040         
   77 00000040         ; External Interrupts
   78 00000040 00000000        DCD              WWDG_IRQHandler 
                                                            ; Window Watchdog
   79 00000044 00000000        DCD              PVD_IRQHandler ; PVD through EX
                                                            TI Line detect
   80 00000048 00000000        DCD              TAMPER_IRQHandler ; Tamper
   81 0000004C 00000000        DCD              RTC_IRQHandler ; RTC
   82 00000050 00000000        DCD              FLASH_IRQHandler ; Flash
   83 00000054 00000000        DCD              RCC_IRQHandler ; RCC
   84 00000058 00000000        DCD              EXTI0_IRQHandler ; EXTI Line 0
   85 0000005C 00000000        DCD              EXTI1_IRQHandler ; EXTI Line 1
   86 00000060 00000000        DCD              EXTI2_IRQHandler ; EXTI Line 2



ARM Macro Assembler    Page 3 


   87 00000064 00000000        DCD              EXTI3_IRQHandler ; EXTI Line 3
   88 00000068 00000000        DCD              EXTI4_IRQHandler ; EXTI Line 4
   89 0000006C 00000000        DCD              DMA1_Channel1_IRQHandler 
                                                            ; DMA1 Channel 1
   90 00000070 00000000        DCD              DMA1_Channel2_IRQHandler 
                                                            ; DMA1 Channel 2
   91 00000074 00000000        DCD              DMA1_Channel3_IRQHandler 
                                                            ; DMA1 Channel 3
   92 00000078 00000000        DCD              DMA1_Channel4_IRQHandler 
                                                            ; DMA1 Channel 4
   93 0000007C 00000000        DCD              DMA1_Channel5_IRQHandler 
                                                            ; DMA1 Channel 5
   94 00000080 00000000        DCD              DMA1_Channel6_IRQHandler 
                                                            ; DMA1 Channel 6
   95 00000084 00000000        DCD              DMA1_Channel7_IRQHandler 
                                                            ; DMA1 Channel 7
   96 00000088 00000000        DCD              ADC1_IRQHandler ; ADC1
   97 0000008C 00000000        DCD              0           ; Reserved
   98 00000090 00000000        DCD              0           ; Reserved
   99 00000094 00000000        DCD              0           ; Reserved
  100 00000098 00000000        DCD              0           ; Reserved
  101 0000009C 00000000        DCD              EXTI9_5_IRQHandler 
                                                            ; EXTI Line 9..5
  102 000000A0 00000000        DCD              0           ; Reserved
  103 000000A4 00000000        DCD              0           ; Reserved
  104 000000A8 00000000        DCD              0           ; Reserved
  105 000000AC 00000000        DCD              0           ; Reserved
  106 000000B0 00000000        DCD              TIM2_IRQHandler ; TIM2
  107 000000B4 00000000        DCD              TIM3_IRQHandler ; TIM3
  108 000000B8 00000000        DCD              TIM4_IRQHandler ; TIM4
  109 000000BC 00000000        DCD              I2C1_EV_IRQHandler ; I2C1 Event
                                                            
  110 000000C0 00000000        DCD              I2C1_ER_IRQHandler ; I2C1 Error
                                                            
  111 000000C4 00000000        DCD              I2C2_EV_IRQHandler ; I2C2 Event
                                                            
  112 000000C8 00000000        DCD              I2C2_ER_IRQHandler ; I2C2 Error
                                                            
  113 000000CC 00000000        DCD              SPI1_IRQHandler ; SPI1
  114 000000D0 00000000        DCD              SPI2_IRQHandler ; SPI2
  115 000000D4 00000000        DCD              USART1_IRQHandler ; USART1
  116 000000D8 00000000        DCD              USART2_IRQHandler ; USART2
  117 000000DC 00000000        DCD              USART3_IRQHandler ; USART3
  118 000000E0 00000000        DCD              EXTI15_10_IRQHandler 
                                                            ; EXTI Line 15..10
  119 000000E4 00000000        DCD              RTC_Alarm_IRQHandler ; RTC Alar
                                                            m through EXTI Line
                                                            
  120 000000E8         __Vectors_End
  121 000000E8         
  122 000000E8 000000E8 
                       __Vectors_Size
                               EQU              __Vectors_End - __Vectors
  123 000000E8         
  124 000000E8                 AREA             |.text|, CODE, READONLY
  125 00000000         
  126 00000000         ; Reset handler
  127 00000000         Reset_Handler
                               PROC



ARM Macro Assembler    Page 4 


  128 00000000                 EXPORT           Reset_Handler             [WEAK
]
  129 00000000                 IMPORT           __main
  130 00000000                 IMPORT           SystemInit
  131 00000000 4809            LDR              R0, =SystemInit
  132 00000002 4780            BLX              R0
  133 00000004 4809            LDR              R0, =__main
  134 00000006 4700            BX               R0
  135 00000008                 ENDP
  136 00000008         
  137 00000008         ; Dummy Exception Handlers (infinite loops which can be 
                       modified)
  138 00000008         
  139 00000008         NMI_Handler
                               PROC
  140 00000008                 EXPORT           NMI_Handler                [WEA
K]
  141 00000008 E7FE            B                .
  142 0000000A                 ENDP
  144 0000000A         HardFault_Handler
                               PROC
  145 0000000A                 EXPORT           HardFault_Handler          [WEA
K]
  146 0000000A E7FE            B                .
  147 0000000C                 ENDP
  149 0000000C         MemManage_Handler
                               PROC
  150 0000000C                 EXPORT           MemManage_Handler          [WEA
K]
  151 0000000C E7FE            B                .
  152 0000000E                 ENDP
  154 0000000E         BusFault_Handler
                               PROC
  155 0000000E                 EXPORT           BusFault_Handler           [WEA
K]
  156 0000000E E7FE            B                .
  157 00000010                 ENDP
  159 00000010         UsageFault_Handler
                               PROC
  160 00000010                 EXPORT           UsageFault_Handler         [WEA
K]
  161 00000010 E7FE            B                .
  162 00000012                 ENDP
  163 00000012         SVC_Handler
                               PROC
  164 00000012                 EXPORT           SVC_Handler                [WEA
K]
  165 00000012 E7FE            B                .
  166 00000014                 ENDP
  168 00000014         DebugMon_Handler
                               PROC
  169 00000014                 EXPORT           DebugMon_Handler           [WEA
K]
  170 00000014 E7FE            B                .
  171 00000016                 ENDP
  172 00000016         PendSV_Handler
                               PROC
  173 00000016                 EXPORT           PendSV_Handler             [WEA
K]



ARM Macro Assembler    Page 5 


  174 00000016 E7FE            B                .
  175 00000018                 ENDP
  176 00000018         SysTick_Handler
                               PROC
  177 00000018                 EXPORT           SysTick_Handler            [WEA
K]
  178 00000018 E7FE            B                .
  179 0000001A                 ENDP
  180 0000001A         
  181 0000001A         Default_Handler
                               PROC
  182 0000001A         
  183 0000001A                 EXPORT           WWDG_IRQHandler            [WEA
K]
  184 0000001A                 EXPORT           PVD_IRQHandler             [WEA
K]
  185 0000001A                 EXPORT           TAMPER_IRQHandler          [WEA
K]
  186 0000001A                 EXPORT           RTC_IRQHandler             [WEA
K]
  187 0000001A                 EXPORT           FLASH_IRQHandler           [WEA
K]
  188 0000001A                 EXPORT           RCC_IRQHandler             [WEA
K]
  189 0000001A                 EXPORT           EXTI0_IRQHandler           [WEA
K]
  190 0000001A                 EXPORT           EXTI1_IRQHandler           [WEA
K]
  191 0000001A                 EXPORT           EXTI2_IRQHandler           [WEA
K]
  192 0000001A                 EXPORT           EXTI3_IRQHandler           [WEA
K]
  193 0000001A                 EXPORT           EXTI4_IRQHandler           [WEA
K]
  194 0000001A                 EXPORT           DMA1_Channel1_IRQHandler   [WEA
K]
  195 0000001A                 EXPORT           DMA1_Channel2_IRQHandler   [WEA
K]
  196 0000001A                 EXPORT           DMA1_Channel3_IRQHandler   [WEA
K]
  197 0000001A                 EXPORT           DMA1_Channel4_IRQHandler   [WEA
K]
  198 0000001A                 EXPORT           DMA1_Channel5_IRQHandler   [WEA
K]
  199 0000001A                 EXPORT           DMA1_Channel6_IRQHandler   [WEA
K]
  200 0000001A                 EXPORT           DMA1_Channel7_IRQHandler   [WEA
K]
  201 0000001A                 EXPORT           ADC1_IRQHandler            [WEA
K]
  202 0000001A                 EXPORT           EXTI9_5_IRQHandler         [WEA
K]
  203 0000001A                 EXPORT           TIM2_IRQHandler            [WEA
K]
  204 0000001A                 EXPORT           TIM3_IRQHandler            [WEA
K]
  205 0000001A                 EXPORT           TIM4_IRQHandler            [WEA
K]
  206 0000001A                 EXPORT           I2C1_EV_IRQHandler         [WEA



ARM Macro Assembler    Page 6 


K]
  207 0000001A                 EXPORT           I2C1_ER_IRQHandler         [WEA
K]
  208 0000001A                 EXPORT           I2C2_EV_IRQHandler         [WEA
K]
  209 0000001A                 EXPORT           I2C2_ER_IRQHandler         [WEA
K]
  210 0000001A                 EXPORT           SPI1_IRQHandler            [WEA
K]
  211 0000001A                 EXPORT           SPI2_IRQHandler            [WEA
K]
  212 0000001A                 EXPORT           USART1_IRQHandler          [WEA
K]
  213 0000001A                 EXPORT           USART2_IRQHandler          [WEA
K]
  214 0000001A                 EXPORT           USART3_IRQHandler          [WEA
K]
  215 0000001A                 EXPORT           EXTI15_10_IRQHandler       [WEA
K]
  216 0000001A                 EXPORT           RTC_Alarm_IRQHandler       [WEA
K]
  217 0000001A         
  218 0000001A         WWDG_IRQHandler
  219 0000001A         PVD_IRQHandler
  220 0000001A         TAMPER_IRQHandler
  221 0000001A         RTC_IRQHandler
  222 0000001A         FLASH_IRQHandler
  223 0000001A         RCC_IRQHandler
  224 0000001A         EXTI0_IRQHandler
  225 0000001A         EXTI1_IRQHandler
  226 0000001A         EXTI2_IRQHandler
  227 0000001A         EXTI3_IRQHandler
  228 0000001A         EXTI4_IRQHandler
  229 0000001A         DMA1_Channel1_IRQHandler
  230 0000001A         DMA1_Channel2_IRQHandler
  231 0000001A         DMA1_Channel3_IRQHandler
  232 0000001A         DMA1_Channel4_IRQHandler
  233 0000001A         DMA1_Channel5_IRQHandler
  234 0000001A         DMA1_Channel6_IRQHandler
  235 0000001A         DMA1_Channel7_IRQHandler
  236 0000001A         ADC1_IRQHandler
  237 0000001A         EXTI9_5_IRQHandler
  238 0000001A         TIM2_IRQHandler
  239 0000001A         TIM3_IRQHandler
  240 0000001A         TIM4_IRQHandler
  241 0000001A         I2C1_EV_IRQHandler
  242 0000001A         I2C1_ER_IRQHandler
  243 0000001A         I2C2_EV_IRQHandler
  244 0000001A         I2C2_ER_IRQHandler
  245 0000001A         SPI1_IRQHandler
  246 0000001A         SPI2_IRQHandler
  247 0000001A         USART1_IRQHandler
  248 0000001A         USART2_IRQHandler
  249 0000001A         USART3_IRQHandler
  250 0000001A         EXTI15_10_IRQHandler
  251 0000001A         RTC_Alarm_IRQHandler
  252 0000001A         
  253 0000001A E7FE            B                .
  254 0000001C         



ARM Macro Assembler    Page 7 


  255 0000001C                 ENDP
  256 0000001C         
  257 0000001C                 ALIGN
  258 0000001C         
  259 0000001C         ;*******************************************************
                       ************************
  260 0000001C         ; User Stack and Heap initialization
  261 0000001C         ;*******************************************************
                       ************************
  262 0000001C                 IF               :DEF:__MICROLIB
  269 0000001C         
  270 0000001C                 IMPORT           __use_two_region_memory
  271 0000001C                 EXPORT           __user_initial_stackheap
  272 0000001C         
  273 0000001C         __user_initial_stackheap
  274 0000001C         
  275 0000001C 4804            LDR              R0, =  Heap_Mem
  276 0000001E 4905            LDR              R1, =(Stack_Mem + Stack_Size)
  277 00000020 4A05            LDR              R2, = (Heap_Mem +  Heap_Size)
  278 00000022 4B06            LDR              R3, = Stack_Mem
  279 00000024 4770            BX               LR
  280 00000026         
  281 00000026 00 00           ALIGN
  282 00000028         
  283 00000028                 ENDIF
  284 00000028         
  285 00000028                 END
              00000000 
              00000000 
              00000000 
              00000400 
              00000200 
              00000000 
Command Line: --debug --xref --diag_suppress=9931 --cpu=Cortex-M3 --apcs=interw
ork --depend=..\..\output\startup_stm32f101xb.d -o..\..\output\startup_stm32f10
1xb.o -I.\RTE\_Template -ID:\danpianji\keil5\ARM\PACK\Keil\STM32F1xx_DFP\2.4.1\
Device\Include -ID:\danpianji\keil5\ARM\CMSIS\Include --predefine="__UVISION_VE
RSION SETA 524" --predefine="STM32F10X_MD SETA 1" --list=..\..\output\startup_s
tm32f101xb.lst ..\..\Drivers\CMSIS\Device\ST\STM32F1xx\Source\Templates\arm\sta
rtup_stm32f101xb.s



ARM Macro Assembler    Page 1 Alphabetic symbol ordering
Relocatable symbols

STACK 00000000

Symbol: STACK
   Definitions
      At line 34 in file ..\..\Drivers\CMSIS\Device\ST\STM32F1xx\Source\Templat
es\arm\startup_stm32f101xb.s
   Uses
      None
Comment: STACK unused
Stack_Mem 00000000

Symbol: Stack_Mem
   Definitions
      At line 35 in file ..\..\Drivers\CMSIS\Device\ST\STM32F1xx\Source\Templat
es\arm\startup_stm32f101xb.s
   Uses
      At line 276 in file ..\..\Drivers\CMSIS\Device\ST\STM32F1xx\Source\Templa
tes\arm\startup_stm32f101xb.s
      At line 278 in file ..\..\Drivers\CMSIS\Device\ST\STM32F1xx\Source\Templa
tes\arm\startup_stm32f101xb.s

__initial_sp 00000400

Symbol: __initial_sp
   Definitions
      At line 36 in file ..\..\Drivers\CMSIS\Device\ST\STM32F1xx\Source\Templat
es\arm\startup_stm32f101xb.s
   Uses
      At line 60 in file ..\..\Drivers\CMSIS\Device\ST\STM32F1xx\Source\Templat
es\arm\startup_stm32f101xb.s
Comment: __initial_sp used once
3 symbols



ARM Macro Assembler    Page 1 Alphabetic symbol ordering
Relocatable symbols

HEAP 00000000

Symbol: HEAP
   Definitions
      At line 45 in file ..\..\Drivers\CMSIS\Device\ST\STM32F1xx\Source\Templat
es\arm\startup_stm32f101xb.s
   Uses
      None
Comment: HEAP unused
Heap_Mem 00000000

Symbol: Heap_Mem
   Definitions
      At line 47 in file ..\..\Drivers\CMSIS\Device\ST\STM32F1xx\Source\Templat
es\arm\startup_stm32f101xb.s
   Uses
      At line 275 in file ..\..\Drivers\CMSIS\Device\ST\STM32F1xx\Source\Templa
tes\arm\startup_stm32f101xb.s
      At line 277 in file ..\..\Drivers\CMSIS\Device\ST\STM32F1xx\Source\Templa
tes\arm\startup_stm32f101xb.s

__heap_base 00000000

Symbol: __heap_base
   Definitions
      At line 46 in file ..\..\Drivers\CMSIS\Device\ST\STM32F1xx\Source\Templat
es\arm\startup_stm32f101xb.s
   Uses
      None
Comment: __heap_base unused
__heap_limit 00000200

Symbol: __heap_limit
   Definitions
      At line 48 in file ..\..\Drivers\CMSIS\Device\ST\STM32F1xx\Source\Templat
es\arm\startup_stm32f101xb.s
   Uses
      None
Comment: __heap_limit unused
4 symbols



ARM Macro Assembler    Page 1 Alphabetic symbol ordering
Relocatable symbols

RESET 00000000

Symbol: RESET
   Definitions
      At line 55 in file ..\..\Drivers\CMSIS\Device\ST\STM32F1xx\Source\Templat
es\arm\startup_stm32f101xb.s
   Uses
      None
Comment: RESET unused
__Vectors 00000000

Symbol: __Vectors
   Definitions
      At line 60 in file ..\..\Drivers\CMSIS\Device\ST\STM32F1xx\Source\Templat
es\arm\startup_stm32f101xb.s
   Uses
      At line 56 in file ..\..\Drivers\CMSIS\Device\ST\STM32F1xx\Source\Templat
es\arm\startup_stm32f101xb.s
      At line 122 in file ..\..\Drivers\CMSIS\Device\ST\STM32F1xx\Source\Templa
tes\arm\startup_stm32f101xb.s

__Vectors_End 000000E8

Symbol: __Vectors_End
   Definitions
      At line 120 in file ..\..\Drivers\CMSIS\Device\ST\STM32F1xx\Source\Templa
tes\arm\startup_stm32f101xb.s
   Uses
      At line 57 in file ..\..\Drivers\CMSIS\Device\ST\STM32F1xx\Source\Templat
es\arm\startup_stm32f101xb.s
      At line 122 in file ..\..\Drivers\CMSIS\Device\ST\STM32F1xx\Source\Templa
tes\arm\startup_stm32f101xb.s

3 symbols



ARM Macro Assembler    Page 1 Alphabetic symbol ordering
Relocatable symbols

.text 00000000

Symbol: .text
   Definitions
      At line 124 in file ..\..\Drivers\CMSIS\Device\ST\STM32F1xx\Source\Templa
tes\arm\startup_stm32f101xb.s
   Uses
      None
Comment: .text unused
ADC1_IRQHandler 0000001A

Symbol: ADC1_IRQHandler
   Definitions
      At line 236 in file ..\..\Drivers\CMSIS\Device\ST\STM32F1xx\Source\Templa
tes\arm\startup_stm32f101xb.s
   Uses
      At line 96 in file ..\..\Drivers\CMSIS\Device\ST\STM32F1xx\Source\Templat
es\arm\startup_stm32f101xb.s
      At line 201 in file ..\..\Drivers\CMSIS\Device\ST\STM32F1xx\Source\Templa
tes\arm\startup_stm32f101xb.s

BusFault_Handler 0000000E

Symbol: BusFault_Handler
   Definitions
      At line 154 in file ..\..\Drivers\CMSIS\Device\ST\STM32F1xx\Source\Templa
tes\arm\startup_stm32f101xb.s
   Uses
      At line 65 in file ..\..\Drivers\CMSIS\Device\ST\STM32F1xx\Source\Templat
es\arm\startup_stm32f101xb.s
      At line 155 in file ..\..\Drivers\CMSIS\Device\ST\STM32F1xx\Source\Templa
tes\arm\startup_stm32f101xb.s

DMA1_Channel1_IRQHandler 0000001A

Symbol: DMA1_Channel1_IRQHandler
   Definitions
      At line 229 in file ..\..\Drivers\CMSIS\Device\ST\STM32F1xx\Source\Templa
tes\arm\startup_stm32f101xb.s
   Uses
      At line 89 in file ..\..\Drivers\CMSIS\Device\ST\STM32F1xx\Source\Templat
es\arm\startup_stm32f101xb.s
      At line 194 in file ..\..\Drivers\CMSIS\Device\ST\STM32F1xx\Source\Templa
tes\arm\startup_stm32f101xb.s

DMA1_Channel2_IRQHandler 0000001A

Symbol: DMA1_Channel2_IRQHandler
   Definitions
      At line 230 in file ..\..\Drivers\CMSIS\Device\ST\STM32F1xx\Source\Templa
tes\arm\startup_stm32f101xb.s
   Uses
      At line 90 in file ..\..\Drivers\CMSIS\Device\ST\STM32F1xx\Source\Templat
es\arm\startup_stm32f101xb.s
      At line 195 in file ..\..\Drivers\CMSIS\Device\ST\STM32F1xx\Source\Templa
tes\arm\startup_stm32f101xb.s

DMA1_Channel3_IRQHandler 0000001A




ARM Macro Assembler    Page 2 Alphabetic symbol ordering
Relocatable symbols

Symbol: DMA1_Channel3_IRQHandler
   Definitions
      At line 231 in file ..\..\Drivers\CMSIS\Device\ST\STM32F1xx\Source\Templa
tes\arm\startup_stm32f101xb.s
   Uses
      At line 91 in file ..\..\Drivers\CMSIS\Device\ST\STM32F1xx\Source\Templat
es\arm\startup_stm32f101xb.s
      At line 196 in file ..\..\Drivers\CMSIS\Device\ST\STM32F1xx\Source\Templa
tes\arm\startup_stm32f101xb.s

DMA1_Channel4_IRQHandler 0000001A

Symbol: DMA1_Channel4_IRQHandler
   Definitions
      At line 232 in file ..\..\Drivers\CMSIS\Device\ST\STM32F1xx\Source\Templa
tes\arm\startup_stm32f101xb.s
   Uses
      At line 92 in file ..\..\Drivers\CMSIS\Device\ST\STM32F1xx\Source\Templat
es\arm\startup_stm32f101xb.s
      At line 197 in file ..\..\Drivers\CMSIS\Device\ST\STM32F1xx\Source\Templa
tes\arm\startup_stm32f101xb.s

DMA1_Channel5_IRQHandler 0000001A

Symbol: DMA1_Channel5_IRQHandler
   Definitions
      At line 233 in file ..\..\Drivers\CMSIS\Device\ST\STM32F1xx\Source\Templa
tes\arm\startup_stm32f101xb.s
   Uses
      At line 93 in file ..\..\Drivers\CMSIS\Device\ST\STM32F1xx\Source\Templat
es\arm\startup_stm32f101xb.s
      At line 198 in file ..\..\Drivers\CMSIS\Device\ST\STM32F1xx\Source\Templa
tes\arm\startup_stm32f101xb.s

DMA1_Channel6_IRQHandler 0000001A

Symbol: DMA1_Channel6_IRQHandler
   Definitions
      At line 234 in file ..\..\Drivers\CMSIS\Device\ST\STM32F1xx\Source\Templa
tes\arm\startup_stm32f101xb.s
   Uses
      At line 94 in file ..\..\Drivers\CMSIS\Device\ST\STM32F1xx\Source\Templat
es\arm\startup_stm32f101xb.s
      At line 199 in file ..\..\Drivers\CMSIS\Device\ST\STM32F1xx\Source\Templa
tes\arm\startup_stm32f101xb.s

DMA1_Channel7_IRQHandler 0000001A

Symbol: DMA1_Channel7_IRQHandler
   Definitions
      At line 235 in file ..\..\Drivers\CMSIS\Device\ST\STM32F1xx\Source\Templa
tes\arm\startup_stm32f101xb.s
   Uses
      At line 95 in file ..\..\Drivers\CMSIS\Device\ST\STM32F1xx\Source\Templat
es\arm\startup_stm32f101xb.s
      At line 200 in file ..\..\Drivers\CMSIS\Device\ST\STM32F1xx\Source\Templa
tes\arm\startup_stm32f101xb.s

DebugMon_Handler 00000014



ARM Macro Assembler    Page 3 Alphabetic symbol ordering
Relocatable symbols


Symbol: DebugMon_Handler
   Definitions
      At line 168 in file ..\..\Drivers\CMSIS\Device\ST\STM32F1xx\Source\Templa
tes\arm\startup_stm32f101xb.s
   Uses
      At line 72 in file ..\..\Drivers\CMSIS\Device\ST\STM32F1xx\Source\Templat
es\arm\startup_stm32f101xb.s
      At line 169 in file ..\..\Drivers\CMSIS\Device\ST\STM32F1xx\Source\Templa
tes\arm\startup_stm32f101xb.s

Default_Handler 0000001A

Symbol: Default_Handler
   Definitions
      At line 181 in file ..\..\Drivers\CMSIS\Device\ST\STM32F1xx\Source\Templa
tes\arm\startup_stm32f101xb.s
   Uses
      None
Comment: Default_Handler unused
EXTI0_IRQHandler 0000001A

Symbol: EXTI0_IRQHandler
   Definitions
      At line 224 in file ..\..\Drivers\CMSIS\Device\ST\STM32F1xx\Source\Templa
tes\arm\startup_stm32f101xb.s
   Uses
      At line 84 in file ..\..\Drivers\CMSIS\Device\ST\STM32F1xx\Source\Templat
es\arm\startup_stm32f101xb.s
      At line 189 in file ..\..\Drivers\CMSIS\Device\ST\STM32F1xx\Source\Templa
tes\arm\startup_stm32f101xb.s

EXTI15_10_IRQHandler 0000001A

Symbol: EXTI15_10_IRQHandler
   Definitions
      At line 250 in file ..\..\Drivers\CMSIS\Device\ST\STM32F1xx\Source\Templa
tes\arm\startup_stm32f101xb.s
   Uses
      At line 118 in file ..\..\Drivers\CMSIS\Device\ST\STM32F1xx\Source\Templa
tes\arm\startup_stm32f101xb.s
      At line 215 in file ..\..\Drivers\CMSIS\Device\ST\STM32F1xx\Source\Templa
tes\arm\startup_stm32f101xb.s

EXTI1_IRQHandler 0000001A

Symbol: EXTI1_IRQHandler
   Definitions
      At line 225 in file ..\..\Drivers\CMSIS\Device\ST\STM32F1xx\Source\Templa
tes\arm\startup_stm32f101xb.s
   Uses
      At line 85 in file ..\..\Drivers\CMSIS\Device\ST\STM32F1xx\Source\Templat
es\arm\startup_stm32f101xb.s
      At line 190 in file ..\..\Drivers\CMSIS\Device\ST\STM32F1xx\Source\Templa
tes\arm\startup_stm32f101xb.s

EXTI2_IRQHandler 0000001A

Symbol: EXTI2_IRQHandler



ARM Macro Assembler    Page 4 Alphabetic symbol ordering
Relocatable symbols

   Definitions
      At line 226 in file ..\..\Drivers\CMSIS\Device\ST\STM32F1xx\Source\Templa
tes\arm\startup_stm32f101xb.s
   Uses
      At line 86 in file ..\..\Drivers\CMSIS\Device\ST\STM32F1xx\Source\Templat
es\arm\startup_stm32f101xb.s
      At line 191 in file ..\..\Drivers\CMSIS\Device\ST\STM32F1xx\Source\Templa
tes\arm\startup_stm32f101xb.s

EXTI3_IRQHandler 0000001A

Symbol: EXTI3_IRQHandler
   Definitions
      At line 227 in file ..\..\Drivers\CMSIS\Device\ST\STM32F1xx\Source\Templa
tes\arm\startup_stm32f101xb.s
   Uses
      At line 87 in file ..\..\Drivers\CMSIS\Device\ST\STM32F1xx\Source\Templat
es\arm\startup_stm32f101xb.s
      At line 192 in file ..\..\Drivers\CMSIS\Device\ST\STM32F1xx\Source\Templa
tes\arm\startup_stm32f101xb.s

EXTI4_IRQHandler 0000001A

Symbol: EXTI4_IRQHandler
   Definitions
      At line 228 in file ..\..\Drivers\CMSIS\Device\ST\STM32F1xx\Source\Templa
tes\arm\startup_stm32f101xb.s
   Uses
      At line 88 in file ..\..\Drivers\CMSIS\Device\ST\STM32F1xx\Source\Templat
es\arm\startup_stm32f101xb.s
      At line 193 in file ..\..\Drivers\CMSIS\Device\ST\STM32F1xx\Source\Templa
tes\arm\startup_stm32f101xb.s

EXTI9_5_IRQHandler 0000001A

Symbol: EXTI9_5_IRQHandler
   Definitions
      At line 237 in file ..\..\Drivers\CMSIS\Device\ST\STM32F1xx\Source\Templa
tes\arm\startup_stm32f101xb.s
   Uses
      At line 101 in file ..\..\Drivers\CMSIS\Device\ST\STM32F1xx\Source\Templa
tes\arm\startup_stm32f101xb.s
      At line 202 in file ..\..\Drivers\CMSIS\Device\ST\STM32F1xx\Source\Templa
tes\arm\startup_stm32f101xb.s

FLASH_IRQHandler 0000001A

Symbol: FLASH_IRQHandler
   Definitions
      At line 222 in file ..\..\Drivers\CMSIS\Device\ST\STM32F1xx\Source\Templa
tes\arm\startup_stm32f101xb.s
   Uses
      At line 82 in file ..\..\Drivers\CMSIS\Device\ST\STM32F1xx\Source\Templat
es\arm\startup_stm32f101xb.s
      At line 187 in file ..\..\Drivers\CMSIS\Device\ST\STM32F1xx\Source\Templa
tes\arm\startup_stm32f101xb.s

HardFault_Handler 0000000A




ARM Macro Assembler    Page 5 Alphabetic symbol ordering
Relocatable symbols

Symbol: HardFault_Handler
   Definitions
      At line 144 in file ..\..\Drivers\CMSIS\Device\ST\STM32F1xx\Source\Templa
tes\arm\startup_stm32f101xb.s
   Uses
      At line 63 in file ..\..\Drivers\CMSIS\Device\ST\STM32F1xx\Source\Templat
es\arm\startup_stm32f101xb.s
      At line 145 in file ..\..\Drivers\CMSIS\Device\ST\STM32F1xx\Source\Templa
tes\arm\startup_stm32f101xb.s

I2C1_ER_IRQHandler 0000001A

Symbol: I2C1_ER_IRQHandler
   Definitions
      At line 242 in file ..\..\Drivers\CMSIS\Device\ST\STM32F1xx\Source\Templa
tes\arm\startup_stm32f101xb.s
   Uses
      At line 110 in file ..\..\Drivers\CMSIS\Device\ST\STM32F1xx\Source\Templa
tes\arm\startup_stm32f101xb.s
      At line 207 in file ..\..\Drivers\CMSIS\Device\ST\STM32F1xx\Source\Templa
tes\arm\startup_stm32f101xb.s

I2C1_EV_IRQHandler 0000001A

Symbol: I2C1_EV_IRQHandler
   Definitions
      At line 241 in file ..\..\Drivers\CMSIS\Device\ST\STM32F1xx\Source\Templa
tes\arm\startup_stm32f101xb.s
   Uses
      At line 109 in file ..\..\Drivers\CMSIS\Device\ST\STM32F1xx\Source\Templa
tes\arm\startup_stm32f101xb.s
      At line 206 in file ..\..\Drivers\CMSIS\Device\ST\STM32F1xx\Source\Templa
tes\arm\startup_stm32f101xb.s

I2C2_ER_IRQHandler 0000001A

Symbol: I2C2_ER_IRQHandler
   Definitions
      At line 244 in file ..\..\Drivers\CMSIS\Device\ST\STM32F1xx\Source\Templa
tes\arm\startup_stm32f101xb.s
   Uses
      At line 112 in file ..\..\Drivers\CMSIS\Device\ST\STM32F1xx\Source\Templa
tes\arm\startup_stm32f101xb.s
      At line 209 in file ..\..\Drivers\CMSIS\Device\ST\STM32F1xx\Source\Templa
tes\arm\startup_stm32f101xb.s

I2C2_EV_IRQHandler 0000001A

Symbol: I2C2_EV_IRQHandler
   Definitions
      At line 243 in file ..\..\Drivers\CMSIS\Device\ST\STM32F1xx\Source\Templa
tes\arm\startup_stm32f101xb.s
   Uses
      At line 111 in file ..\..\Drivers\CMSIS\Device\ST\STM32F1xx\Source\Templa
tes\arm\startup_stm32f101xb.s
      At line 208 in file ..\..\Drivers\CMSIS\Device\ST\STM32F1xx\Source\Templa
tes\arm\startup_stm32f101xb.s

MemManage_Handler 0000000C



ARM Macro Assembler    Page 6 Alphabetic symbol ordering
Relocatable symbols


Symbol: MemManage_Handler
   Definitions
      At line 149 in file ..\..\Drivers\CMSIS\Device\ST\STM32F1xx\Source\Templa
tes\arm\startup_stm32f101xb.s
   Uses
      At line 64 in file ..\..\Drivers\CMSIS\Device\ST\STM32F1xx\Source\Templat
es\arm\startup_stm32f101xb.s
      At line 150 in file ..\..\Drivers\CMSIS\Device\ST\STM32F1xx\Source\Templa
tes\arm\startup_stm32f101xb.s

NMI_Handler 00000008

Symbol: NMI_Handler
   Definitions
      At line 139 in file ..\..\Drivers\CMSIS\Device\ST\STM32F1xx\Source\Templa
tes\arm\startup_stm32f101xb.s
   Uses
      At line 62 in file ..\..\Drivers\CMSIS\Device\ST\STM32F1xx\Source\Templat
es\arm\startup_stm32f101xb.s
      At line 140 in file ..\..\Drivers\CMSIS\Device\ST\STM32F1xx\Source\Templa
tes\arm\startup_stm32f101xb.s

PVD_IRQHandler 0000001A

Symbol: PVD_IRQHandler
   Definitions
      At line 219 in file ..\..\Drivers\CMSIS\Device\ST\STM32F1xx\Source\Templa
tes\arm\startup_stm32f101xb.s
   Uses
      At line 79 in file ..\..\Drivers\CMSIS\Device\ST\STM32F1xx\Source\Templat
es\arm\startup_stm32f101xb.s
      At line 184 in file ..\..\Drivers\CMSIS\Device\ST\STM32F1xx\Source\Templa
tes\arm\startup_stm32f101xb.s

PendSV_Handler 00000016

Symbol: PendSV_Handler
   Definitions
      At line 172 in file ..\..\Drivers\CMSIS\Device\ST\STM32F1xx\Source\Templa
tes\arm\startup_stm32f101xb.s
   Uses
      At line 74 in file ..\..\Drivers\CMSIS\Device\ST\STM32F1xx\Source\Templat
es\arm\startup_stm32f101xb.s
      At line 173 in file ..\..\Drivers\CMSIS\Device\ST\STM32F1xx\Source\Templa
tes\arm\startup_stm32f101xb.s

RCC_IRQHandler 0000001A

Symbol: RCC_IRQHandler
   Definitions
      At line 223 in file ..\..\Drivers\CMSIS\Device\ST\STM32F1xx\Source\Templa
tes\arm\startup_stm32f101xb.s
   Uses
      At line 83 in file ..\..\Drivers\CMSIS\Device\ST\STM32F1xx\Source\Templat
es\arm\startup_stm32f101xb.s
      At line 188 in file ..\..\Drivers\CMSIS\Device\ST\STM32F1xx\Source\Templa
tes\arm\startup_stm32f101xb.s




ARM Macro Assembler    Page 7 Alphabetic symbol ordering
Relocatable symbols

RTC_Alarm_IRQHandler 0000001A

Symbol: RTC_Alarm_IRQHandler
   Definitions
      At line 251 in file ..\..\Drivers\CMSIS\Device\ST\STM32F1xx\Source\Templa
tes\arm\startup_stm32f101xb.s
   Uses
      At line 119 in file ..\..\Drivers\CMSIS\Device\ST\STM32F1xx\Source\Templa
tes\arm\startup_stm32f101xb.s
      At line 216 in file ..\..\Drivers\CMSIS\Device\ST\STM32F1xx\Source\Templa
tes\arm\startup_stm32f101xb.s

RTC_IRQHandler 0000001A

Symbol: RTC_IRQHandler
   Definitions
      At line 221 in file ..\..\Drivers\CMSIS\Device\ST\STM32F1xx\Source\Templa
tes\arm\startup_stm32f101xb.s
   Uses
      At line 81 in file ..\..\Drivers\CMSIS\Device\ST\STM32F1xx\Source\Templat
es\arm\startup_stm32f101xb.s
      At line 186 in file ..\..\Drivers\CMSIS\Device\ST\STM32F1xx\Source\Templa
tes\arm\startup_stm32f101xb.s

Reset_Handler 00000000

Symbol: Reset_Handler
   Definitions
      At line 127 in file ..\..\Drivers\CMSIS\Device\ST\STM32F1xx\Source\Templa
tes\arm\startup_stm32f101xb.s
   Uses
      At line 61 in file ..\..\Drivers\CMSIS\Device\ST\STM32F1xx\Source\Templat
es\arm\startup_stm32f101xb.s
      At line 128 in file ..\..\Drivers\CMSIS\Device\ST\STM32F1xx\Source\Templa
tes\arm\startup_stm32f101xb.s

SPI1_IRQHandler 0000001A

Symbol: SPI1_IRQHandler
   Definitions
      At line 245 in file ..\..\Drivers\CMSIS\Device\ST\STM32F1xx\Source\Templa
tes\arm\startup_stm32f101xb.s
   Uses
      At line 113 in file ..\..\Drivers\CMSIS\Device\ST\STM32F1xx\Source\Templa
tes\arm\startup_stm32f101xb.s
      At line 210 in file ..\..\Drivers\CMSIS\Device\ST\STM32F1xx\Source\Templa
tes\arm\startup_stm32f101xb.s

SPI2_IRQHandler 0000001A

Symbol: SPI2_IRQHandler
   Definitions
      At line 246 in file ..\..\Drivers\CMSIS\Device\ST\STM32F1xx\Source\Templa
tes\arm\startup_stm32f101xb.s
   Uses
      At line 114 in file ..\..\Drivers\CMSIS\Device\ST\STM32F1xx\Source\Templa
tes\arm\startup_stm32f101xb.s
      At line 211 in file ..\..\Drivers\CMSIS\Device\ST\STM32F1xx\Source\Templa
tes\arm\startup_stm32f101xb.s



ARM Macro Assembler    Page 8 Alphabetic symbol ordering
Relocatable symbols


SVC_Handler 00000012

Symbol: SVC_Handler
   Definitions
      At line 163 in file ..\..\Drivers\CMSIS\Device\ST\STM32F1xx\Source\Templa
tes\arm\startup_stm32f101xb.s
   Uses
      At line 71 in file ..\..\Drivers\CMSIS\Device\ST\STM32F1xx\Source\Templat
es\arm\startup_stm32f101xb.s
      At line 164 in file ..\..\Drivers\CMSIS\Device\ST\STM32F1xx\Source\Templa
tes\arm\startup_stm32f101xb.s

SysTick_Handler 00000018

Symbol: SysTick_Handler
   Definitions
      At line 176 in file ..\..\Drivers\CMSIS\Device\ST\STM32F1xx\Source\Templa
tes\arm\startup_stm32f101xb.s
   Uses
      At line 75 in file ..\..\Drivers\CMSIS\Device\ST\STM32F1xx\Source\Templat
es\arm\startup_stm32f101xb.s
      At line 177 in file ..\..\Drivers\CMSIS\Device\ST\STM32F1xx\Source\Templa
tes\arm\startup_stm32f101xb.s

TAMPER_IRQHandler 0000001A

Symbol: TAMPER_IRQHandler
   Definitions
      At line 220 in file ..\..\Drivers\CMSIS\Device\ST\STM32F1xx\Source\Templa
tes\arm\startup_stm32f101xb.s
   Uses
      At line 80 in file ..\..\Drivers\CMSIS\Device\ST\STM32F1xx\Source\Templat
es\arm\startup_stm32f101xb.s
      At line 185 in file ..\..\Drivers\CMSIS\Device\ST\STM32F1xx\Source\Templa
tes\arm\startup_stm32f101xb.s

TIM2_IRQHandler 0000001A

Symbol: TIM2_IRQHandler
   Definitions
      At line 238 in file ..\..\Drivers\CMSIS\Device\ST\STM32F1xx\Source\Templa
tes\arm\startup_stm32f101xb.s
   Uses
      At line 106 in file ..\..\Drivers\CMSIS\Device\ST\STM32F1xx\Source\Templa
tes\arm\startup_stm32f101xb.s
      At line 203 in file ..\..\Drivers\CMSIS\Device\ST\STM32F1xx\Source\Templa
tes\arm\startup_stm32f101xb.s

TIM3_IRQHandler 0000001A

Symbol: TIM3_IRQHandler
   Definitions
      At line 239 in file ..\..\Drivers\CMSIS\Device\ST\STM32F1xx\Source\Templa
tes\arm\startup_stm32f101xb.s
   Uses
      At line 107 in file ..\..\Drivers\CMSIS\Device\ST\STM32F1xx\Source\Templa
tes\arm\startup_stm32f101xb.s
      At line 204 in file ..\..\Drivers\CMSIS\Device\ST\STM32F1xx\Source\Templa



ARM Macro Assembler    Page 9 Alphabetic symbol ordering
Relocatable symbols

tes\arm\startup_stm32f101xb.s

TIM4_IRQHandler 0000001A

Symbol: TIM4_IRQHandler
   Definitions
      At line 240 in file ..\..\Drivers\CMSIS\Device\ST\STM32F1xx\Source\Templa
tes\arm\startup_stm32f101xb.s
   Uses
      At line 108 in file ..\..\Drivers\CMSIS\Device\ST\STM32F1xx\Source\Templa
tes\arm\startup_stm32f101xb.s
      At line 205 in file ..\..\Drivers\CMSIS\Device\ST\STM32F1xx\Source\Templa
tes\arm\startup_stm32f101xb.s

USART1_IRQHandler 0000001A

Symbol: USART1_IRQHandler
   Definitions
      At line 247 in file ..\..\Drivers\CMSIS\Device\ST\STM32F1xx\Source\Templa
tes\arm\startup_stm32f101xb.s
   Uses
      At line 115 in file ..\..\Drivers\CMSIS\Device\ST\STM32F1xx\Source\Templa
tes\arm\startup_stm32f101xb.s
      At line 212 in file ..\..\Drivers\CMSIS\Device\ST\STM32F1xx\Source\Templa
tes\arm\startup_stm32f101xb.s

USART2_IRQHandler 0000001A

Symbol: USART2_IRQHandler
   Definitions
      At line 248 in file ..\..\Drivers\CMSIS\Device\ST\STM32F1xx\Source\Templa
tes\arm\startup_stm32f101xb.s
   Uses
      At line 116 in file ..\..\Drivers\CMSIS\Device\ST\STM32F1xx\Source\Templa
tes\arm\startup_stm32f101xb.s
      At line 213 in file ..\..\Drivers\CMSIS\Device\ST\STM32F1xx\Source\Templa
tes\arm\startup_stm32f101xb.s

USART3_IRQHandler 0000001A

Symbol: USART3_IRQHandler
   Definitions
      At line 249 in file ..\..\Drivers\CMSIS\Device\ST\STM32F1xx\Source\Templa
tes\arm\startup_stm32f101xb.s
   Uses
      At line 117 in file ..\..\Drivers\CMSIS\Device\ST\STM32F1xx\Source\Templa
tes\arm\startup_stm32f101xb.s
      At line 214 in file ..\..\Drivers\CMSIS\Device\ST\STM32F1xx\Source\Templa
tes\arm\startup_stm32f101xb.s

UsageFault_Handler 00000010

Symbol: UsageFault_Handler
   Definitions
      At line 159 in file ..\..\Drivers\CMSIS\Device\ST\STM32F1xx\Source\Templa
tes\arm\startup_stm32f101xb.s
   Uses
      At line 66 in file ..\..\Drivers\CMSIS\Device\ST\STM32F1xx\Source\Templat
es\arm\startup_stm32f101xb.s



ARM Macro Assembler    Page 10 Alphabetic symbol ordering
Relocatable symbols

      At line 160 in file ..\..\Drivers\CMSIS\Device\ST\STM32F1xx\Source\Templa
tes\arm\startup_stm32f101xb.s

WWDG_IRQHandler 0000001A

Symbol: WWDG_IRQHandler
   Definitions
      At line 218 in file ..\..\Drivers\CMSIS\Device\ST\STM32F1xx\Source\Templa
tes\arm\startup_stm32f101xb.s
   Uses
      At line 78 in file ..\..\Drivers\CMSIS\Device\ST\STM32F1xx\Source\Templat
es\arm\startup_stm32f101xb.s
      At line 183 in file ..\..\Drivers\CMSIS\Device\ST\STM32F1xx\Source\Templa
tes\arm\startup_stm32f101xb.s

__user_initial_stackheap 0000001C

Symbol: __user_initial_stackheap
   Definitions
      At line 273 in file ..\..\Drivers\CMSIS\Device\ST\STM32F1xx\Source\Templa
tes\arm\startup_stm32f101xb.s
   Uses
      At line 271 in file ..\..\Drivers\CMSIS\Device\ST\STM32F1xx\Source\Templa
tes\arm\startup_stm32f101xb.s
Comment: __user_initial_stackheap used once
47 symbols



ARM Macro Assembler    Page 1 Alphabetic symbol ordering
Absolute symbols

Heap_Size 00000200

Symbol: Heap_Size
   Definitions
      At line 43 in file ..\..\Drivers\CMSIS\Device\ST\STM32F1xx\Source\Templat
es\arm\startup_stm32f101xb.s
   Uses
      At line 47 in file ..\..\Drivers\CMSIS\Device\ST\STM32F1xx\Source\Templat
es\arm\startup_stm32f101xb.s
      At line 277 in file ..\..\Drivers\CMSIS\Device\ST\STM32F1xx\Source\Templa
tes\arm\startup_stm32f101xb.s

Stack_Size 00000400

Symbol: Stack_Size
   Definitions
      At line 32 in file ..\..\Drivers\CMSIS\Device\ST\STM32F1xx\Source\Templat
es\arm\startup_stm32f101xb.s
   Uses
      At line 35 in file ..\..\Drivers\CMSIS\Device\ST\STM32F1xx\Source\Templat
es\arm\startup_stm32f101xb.s
      At line 276 in file ..\..\Drivers\CMSIS\Device\ST\STM32F1xx\Source\Templa
tes\arm\startup_stm32f101xb.s

__Vectors_Size 000000E8

Symbol: __Vectors_Size
   Definitions
      At line 122 in file ..\..\Drivers\CMSIS\Device\ST\STM32F1xx\Source\Templa
tes\arm\startup_stm32f101xb.s
   Uses
      At line 58 in file ..\..\Drivers\CMSIS\Device\ST\STM32F1xx\Source\Templat
es\arm\startup_stm32f101xb.s
Comment: __Vectors_Size used once
3 symbols



ARM Macro Assembler    Page 1 Alphabetic symbol ordering
External symbols

SystemInit 00000000

Symbol: SystemInit
   Definitions
      At line 130 in file ..\..\Drivers\CMSIS\Device\ST\STM32F1xx\Source\Templa
tes\arm\startup_stm32f101xb.s
   Uses
      At line 131 in file ..\..\Drivers\CMSIS\Device\ST\STM32F1xx\Source\Templa
tes\arm\startup_stm32f101xb.s
Comment: SystemInit used once
__main 00000000

Symbol: __main
   Definitions
      At line 129 in file ..\..\Drivers\CMSIS\Device\ST\STM32F1xx\Source\Templa
tes\arm\startup_stm32f101xb.s
   Uses
      At line 133 in file ..\..\Drivers\CMSIS\Device\ST\STM32F1xx\Source\Templa
tes\arm\startup_stm32f101xb.s
Comment: __main used once
__use_two_region_memory 00000000

Symbol: __use_two_region_memory
   Definitions
      At line 270 in file ..\..\Drivers\CMSIS\Device\ST\STM32F1xx\Source\Templa
tes\arm\startup_stm32f101xb.s
   Uses
      None
Comment: __use_two_region_memory unused
3 symbols
399 symbols in table
